============================= test session starts ==============================
platform linux -- Python 3.12.10, pytest-9.0.3, pluggy-1.6.0 -- /usr/local/bin/python
cachedir: .pytest_cache
rootdir: /home/sandbox/.openclaw/workspace
configfile: pyproject.toml
plugins: asyncio-1.3.0, anyio-4.12.1
asyncio: mode=Mode.AUTO, debug=False, asyncio_default_fixture_loop_scope=function, asyncio_default_test_loop_scope=function
collecting ... collected 103 items

tests/e2e/test_task_lifecycle.py::test_once_task_full_lifecycle PASSED   [  0%]
tests/e2e/test_task_lifecycle.py::test_recurring_task_creation_and_schedule PASSED [  1%]
tests/e2e/test_task_lifecycle.py::test_retry_policy_exists PASSED        [  2%]
tests/e2e/test_task_lifecycle.py::test_stop_start_recovery PASSED        [  3%]
tests/e2e/test_task_lifecycle.py::test_state_machine_transitions PASSED  [  4%]
tests/integration/test_memory_context_kernel.py::test_retrieval_trace PASSED [  5%]
tests/integration/test_memory_context_kernel.py::test_source_policy_routing PASSED [  6%]
tests/integration/test_memory_context_kernel.py::test_context_injection_planning PASSED [  7%]
tests/integration/test_memory_context_kernel.py::test_memory_version PASSED [  8%]
tests/integration/test_memory_context_kernel.py::test_memory_gc PASSED   [  9%]
tests/integration/test_memory_context_main_chain.py::test_build_context_uses_query_rewriter PASSED [ 10%]
tests/integration/test_memory_context_main_chain.py::test_build_context_uses_source_policy_router PASSED [ 11%]
tests/integration/test_memory_context_main_chain.py::test_retrieval_trace_is_saved PASSED [ 12%]
tests/integration/test_memory_context_main_chain.py::test_injection_planner_affects_bundle PASSED [ 13%]
tests/integration/test_memory_context_main_chain.py::test_memory_version_is_written PASSED [ 14%]
tests/integration/test_memory_context_main_chain.py::test_gc_can_run_on_real_store PASSED [ 15%]
tests/integration/test_minimum_loop.py::TestMinimumLoop::test_01_imports PASSED [ 16%]
tests/integration/test_minimum_loop.py::TestMinimumLoop::test_02_skill_registry PASSED [ 17%]
tests/integration/test_minimum_loop.py::TestMinimumLoop::test_03_workflow_instance_store PASSED [ 18%]
tests/integration/test_minimum_loop.py::TestMinimumLoop::test_04_workflow_event_store PASSED [ 19%]
tests/integration/test_minimum_loop.py::TestMinimumLoop::test_05_workflow_execution PASSED [ 20%]
tests/integration/test_minimum_loop.py::TestMinimumLoop::test_06_skill_registration_and_routing PASSED [ 21%]
tests/integration/test_minimum_loop.py::TestMinimumLoop::test_07_skill_select_skill_facade PASSED [ 22%]
tests/integration/test_minimum_loop.py::TestMinimumLoop::test_08_checkpoint_store PASSED [ 23%]
tests/integration/test_minimum_loop.py::TestMinimumLoop::test_09_recovery_store PASSED [ 24%]
tests/integration/test_minimum_loop.py::TestMinimumLoop::test_10_lifecycle_manager PASSED [ 25%]
tests/integration/test_minimum_loop.py::TestMinimumLoop::test_11_health_monitor PASSED [ 26%]
tests/integration/test_minimum_loop.py::TestMinimumLoop::test_12_full_loop PASSED [ 27%]
tests/integration/test_recovery_chain.py::test_recovery_store_exists PASSED [ 28%]
tests/integration/test_recovery_chain.py::test_checkpoint_store_exists PASSED [ 29%]
tests/integration/test_recovery_chain.py::test_workflow_event_store_exists PASSED [ 30%]
tests/integration/test_recovery_chain.py::test_workflow_instance_store_exists PASSED [ 31%]
tests/integration/test_recovery_chain.py::test_recovery_chain PASSED     [ 32%]
tests/integration/test_recovery_chain.py::test_rollback_scenario PASSED  [ 33%]
tests/integration/test_skill_platform.py::test_skill_package PASSED      [ 33%]
tests/integration/test_skill_platform.py::test_dependency_resolution PASSED [ 34%]
tests/integration/test_skill_platform.py::test_version_selection PASSED  [ 35%]
tests/integration/test_skill_platform.py::test_compatibility_check PASSED [ 36%]
tests/integration/test_skill_platform.py::test_health_routing PASSED     [ 37%]
tests/integration/test_skill_platform_main_chain.py::test_install_and_router_discovery PASSED [ 38%]
tests/integration/test_skill_platform_main_chain.py::test_multi_version_selection PASSED [ 39%]
tests/integration/test_skill_platform_main_chain.py::test_compatibility_routing PASSED [ 40%]
tests/integration/test_skill_platform_main_chain.py::test_lifecycle_affects_router PASSED [ 41%]
tests/integration/test_skill_platform_main_chain.py::test_dependency_blocks_removal PASSED [ 42%]
tests/regression/test_no_regression.py::test_delivery_pending_state_exists PASSED [ 43%]
tests/regression/test_no_regression.py::test_no_message_sender_in_main_scripts PASSED [ 44%]
tests/regression/test_no_regression.py::test_start_all_is_forwarding_only PASSED [ 45%]
tests/regression/test_no_regression.py::test_once_task_clears_next_run_at PASSED [ 46%]
tests/regression/test_no_regression.py::test_recurring_does_not_succeed_directly PASSED [ 47%]
tests/regression/test_no_regression.py::test_queued_not_double_scan PASSED [ 48%]
tests/regression/test_no_regression.py::test_legacy_scripts_not_in_main PASSED [ 49%]
tests/regression/test_no_regression.py::test_main_entry_points_exist PASSED [ 50%]
tests/test_architecture.py::TestArchitecture::test_layer_readme_exist PASSED [ 51%]
tests/test_architecture.py::TestArchitecture::test_protected_files_exist PASSED [ 52%]
tests/test_architecture.py::TestArchitecture::test_six_layers_exist PASSED [ 53%]
tests/test_architecture.py::TestArchitecture::test_skill_registry_valid PASSED [ 54%]
tests/test_architecture.py::TestPerformance::test_skill_registry_load_time PASSED [ 55%]
tests/test_architecture.py::TestPerformance::test_startup_time PASSED    [ 56%]
tests/test_architecture.py::TestSecurity::test_no_hardcoded_secrets PASSED [ 57%]
tests/test_end_to_end.py::TestEndToEndSuccess::test_success_task_structure PASSED [ 58%]
tests/test_end_to_end.py::TestEndToEndFailure::test_failure_task_structure PASSED [ 59%]
tests/test_no_fake_success.py::TestNoFakeSuccess::test_all_conditions_met_should_pass PASSED [ 60%]
tests/test_no_fake_success.py::TestNoFakeSuccess::test_empty_completed_items_should_fail PASSED [ 61%]
tests/test_no_fake_success.py::TestNoFakeSuccess::test_no_real_execution_should_fail PASSED [ 62%]
tests/test_no_fake_success.py::TestNoFakeSuccess::test_skill_success_but_evidence_empty_should_fail PASSED [ 63%]
tests/test_no_fake_success.py::TestNoFakeSuccess::test_summarize_empty_should_fail PASSED [ 64%]
tests/test_no_fake_success.py::TestNoFakeSuccess::test_verify_failed_should_fail PASSED [ 65%]
tests/test_no_fake_success.py::TestVerifyExecutor::test_evidence_empty_should_fail PASSED [ 66%]
tests/test_no_fake_success.py::TestVerifyExecutor::test_file_exists_should_success PASSED [ 66%]
tests/test_no_fake_success.py::TestVerifyExecutor::test_file_not_exists_should_fail PASSED [ 67%]
tests/test_rule_violations.py::test_layer_dependency_violation PASSED    [ 68%]
tests/test_rule_violations.py::test_contract_violation PASSED            [ 69%]
tests/test_rule_violations.py::test_checkers_can_detect PASSED           [ 70%]
tests/test_scenarios_v4.py::test_imports PASSED                          [ 71%]
tests/test_scenarios_v4.py::test_skills_registry PASSED                  [ 72%]
tests/test_scenarios_v4.py::test_orchestration_state PASSED              [ 73%]
tests/test_scenarios_v4.py::test_async_operation PASSED                  [ 74%]
tests/test_skill_registry.py::TestSkillRegistry::test_active_skills_exist PASSED [ 75%]
tests/test_skill_registry.py::TestSkillRegistry::test_registry_exists PASSED [ 76%]
tests/test_skill_registry.py::TestSkillRegistry::test_registry_version PASSED [ 77%]
tests/test_skill_registry.py::TestSkillRegistry::test_skill_fields PASSED [ 78%]
tests/test_skill_registry.py::TestSkillRegistry::test_skills_count PASSED [ 79%]
tests/test_skill_registry.py::TestLayerDependency::test_dependency_matrix_exist PASSED [ 80%]
tests/test_skill_registry.py::TestLayerDependency::test_dependency_rules_exist PASSED [ 81%]
tests/test_skill_registry.py::TestLayerDependency::test_io_contracts_exist PASSED [ 82%]
tests/test_task_system_mvp.py::test_create_task PASSED                   [ 83%]
tests/test_task_system_mvp.py::test_get_task PASSED                      [ 84%]
tests/test_task_system_mvp.py::test_cancel_task PASSED                   [ 85%]
tests/test_task_system_v2.py::test_create_delayed_task PASSED            [ 86%]
tests/test_task_system_v2.py::test_task_status_transition PASSED         [ 87%]
tests/unit/test_architecture.py::TestArchitecture::test_core_files_exist PASSED [ 88%]
tests/unit/test_architecture.py::TestArchitecture::test_layer_directories_exist PASSED [ 89%]
tests/unit/test_architecture.py::TestArchitecture::test_scripts_directory_exists PASSED [ 90%]
tests/unit/test_architecture.py::TestArchitecture::test_skills_directory_exists PASSED [ 91%]
tests/unit/test_architecture.py::TestArchitecture::test_tests_directory_exists PASSED [ 92%]
tests/unit/test_architecture.py::TestArchitecture::test_docs_directory_exists PASSED [ 93%]
tests/unit/test_skill_registry.py::TestSkillRegistry::test_registry_exists PASSED [ 94%]
tests/unit/test_skill_registry.py::TestSkillRegistry::test_registry_has_version PASSED [ 95%]
tests/unit/test_skill_registry.py::TestSkillRegistry::test_registry_has_skills PASSED [ 96%]
tests/unit/test_skill_registry.py::TestSkillRegistry::test_all_skills_have_required_fields PASSED [ 97%]
tests/unit/test_skill_registry.py::TestSkillRegistry::test_all_skills_classified PASSED [ 98%]
tests/unit/test_skill_registry.py::TestSkillRegistry::test_all_skills_testable PASSED [ 99%]
tests/unit/test_skill_registry.py::TestSkillRegistry::test_timeout_range PASSED [100%]

============================= 103 passed in 2.28s ==============================
